reset
+ reset
resetting ...

U-Boot SPL 2022.04-compulab+gc137845eae (Dec 17 2023 - 13:36:08 +0000)
pca9450@25 [ldo4][d] = 1v8
DDRINFO: EEPROM VALID DATA [ [ cafecafe ] = 1061010 2 
DDRINFO(D): Samsung 2048MB @ 3000 MHz
DDRINFO: start DRAM init
DDRINFO: DRAM rate 3000MTS
DDRINFO:ddrphy calibration done
DDRINFO: ddrmix config done
DDRINFO(M): mr5-8 [ 0x1061010 ]
DDRINFO(E): mr5-8 [ 0x1061010 ]
Normal Boot
WDT:   Not starting watchdog@30280000
Trying to boot from BOOTROM
Boot Stage: Primary boot
image offset 0x0, pagesize 0x200, ivt offset 0x0

Authenticate image from DDR location 0x401fcdc0...
NOTICE:  BL31: v2.6(release):lf-5.15.71-2.2.0-0-g3c1583ba0
NOTICE:  BL31: Built : 11:00:38, Nov 21 2022


U-Boot 2022.04-compulab+gc137845eae (Dec 17 2023 - 13:36:08 +0000)

CPU:   i.MX8MP[8] rev1.1 at 1200 MHz
Reset cause: POR
Model: CompuLab UCM-iMX8M-Plus
DRAM:  2 GiB
Core:  122 devices, 34 uclasses, devicetree: separate
WDT:   Not starting watchdog@30280000
MMC:   FSL_SDHC: 1, FSL_SDHC: 2
Loading Environment from MMC... OK
[*]-Video Link 0imx_sec_dsim mipi_dsi@32e60000: wait pkthdr tx done time out
imx_sec_dsim mipi_dsi@32e60000: panel ili9881c_panel enable backlight error -16
lcdifv3_video lcd-controller@32e80000: fail to set backlight
probe video device failed, ret -16

	[0] lcd-controller@32e80000, video
	[1] mipi_dsi@32e60000, video_bridge
	[2] ili9881c_panel, panel
fail to probe panel device ili9881c_panel
probe video device failed, ret -16
fail to probe panel device ili9881c_panel
fail to probe panel device ili9881c_panel
In:    serial
Out:   serial
Err:   serial
SEC0:  RNG instantiated

 BuildInfo:
  - ATF 3c1583b

+ mmc dev 2
switch to partitions #0, OK
mmc2(part 0) is current device
flash target is MMC:2
Net:   eth1: ethernet@30bf0000 [PRIME]
Fastboot: Normal
Normal Boot
Hit any key to stop autoboot:  2  0
ucm-imx8m-plus=> 
ucm-imx8m-plus=> version; fuse read 1 3; hab_status
+ version
U-Boot 2022.04-compulab+gc137845eae (Dec 17 2023 - 13:36:08 +0000)

aarch64-poky-linux-gcc (GCC) 11.3.0
GNU ld (GNU Binutils) 2.38.20220708
+ fuse read 1 3
Reading bank 1:

Word 0x00000003: 8a000000
+ hab_status

Secure boot enabled

HAB Configuration: 0xcc, HAB State: 0x99
No HAB Events Found!

ucm-imx8m-plus=> ls mmc 2; setenv image Image-5.15.71-rt51-+g6e6394f36a11
+ ls mmc 2
            EFI/
 34475872   Image
 33757696   Image-5.15.71-rt51-+g6e6394f36a11
 34475872   Image.signed
   221979   config-5.15.71-rt51-+g6e6394f36a11
  2139728   flash.bin.signed
      199   fuse.out
            grub/
      113   hab_auth_img.cmd
  2139920   imx-boot
  2139920   imx-boot-ucm-imx8m-plus-sd.bin-flash_evk
 33757696   kernel-5.15.71-rt51-+g6e6394f36a11
        0   no-auto
    83422   ucm-imx8m-plus-hdmi.dtb
    83430   ucm-imx8m-plus-headless.dtb
    83229   ucm-imx8m-plus-ldo4.dtb
    83422   ucm-imx8m-plus-lvds.dtb
    83422   ucm-imx8m-plus-mipi.dtb
    83426   ucm-imx8m-plus-nopcie.dtb
    83806   ucm-imx8m-plus-p21.dtb
    85195   ucm-imx8m-plus-rpmsg.dtb
    83418   ucm-imx8m-plus-thermal.dtb
    83422   ucm-imx8m-plus-usbdev.dtb
    83414   ucm-imx8m-plus-wm8731.dtb
    83410   ucm-imx8m-plus.dtb
    84432   ucm-imx8m-plus_mipi-csi1-ar0234.dtb
    84400   ucm-imx8m-plus_mipi-csi1-ar0521.dtb
    84443   ucm-imx8m-plus_mipi-csi1-ar1335-mcu.dtb
    84404   ucm-imx8m-plus_mipi-csi1-imx219.dtb
    84412   ucm-imx8m-plus_mipi-csi1.dtb
    84456   ucm-imx8m-plus_mipi-csi2.dtb
    85254   ucm-imx8m-plus_mipi-dual.dtb

30 file(s), 2 dir(s)

+ setenv image Image-5.15.71-rt51-+g6e6394f36a11
ucm-imx8m-plus=> setenv bootlist emmc_ul; run bsp_bootcmd
+ setenv bootlist emmc_ul
+ run bsp_bootcmd
+ echo Running BSP bootcmd ...
Running BSP bootcmd ...
+ run emmc_ul
+ setenv iface mmc
+ setenv dev 2
+ setenv part 1
+ setenv bootargs console=ttymxc1,115200 console=tty1 root=/dev/mmcblk2p2 rootwait rw
+ env exist boot_opt
+ run ulbootscript
+ load mmc 2:1 0x40480000
** No boot file defined **
+ run ulimage
+ load mmc 2:1 0x40480000 Image-5.15.71-rt51-+g6e6394f36a11
33757696 bytes read in 103 ms (312.6 MiB/s)
+ run ulfdt
+ test try = yes
+ test try = try
+ load mmc 2:1 0x43000000 ucm-imx8m-plus.dtb
83410 bytes read in 2 ms (39.8 MiB/s)
+ itest.s x != x
+ true
+ booti 0x40480000 - 0x43000000

Authenticate image from DDR location 0x40480000...
bad magic magic=0xff length=0xffff version=0xff
bad length magic=0xff length=0xffff version=0xff
bad version magic=0xff length=0xffff version=0xff
Error: Invalid IVT structure
Authenticate Image Fail, Please check
ucm-imx8m-plus=> 